Product: MDK-ARM Basic 5.10
Component: ARM Compiler 5.04 update 1 (build 49)
Tool: armlink [5040049]

==============================================================================

Section Cross References

    system_nrf51.o(.text) refers to system_nrf51.o(.data) for SystemCoreClock
    arm_startup_nrf51.o(STACK) refers (Special) to heapauxi.o(.text) for __use_two_region_memory
    arm_startup_nrf51.o(HEAP) refers (Special) to heapauxi.o(.text) for __use_two_region_memory
    arm_startup_nrf51.o(RESET) refers (Special) to heapauxi.o(.text) for __use_two_region_memory
    arm_startup_nrf51.o(RESET) refers to arm_startup_nrf51.o(STACK) for __initial_sp
    arm_startup_nrf51.o(RESET) refers to arm_startup_nrf51.o(.text) for Reset_Handler
    arm_startup_nrf51.o(RESET) refers to main.o(.text) for ADC_IRQHandler
    arm_startup_nrf51.o(RESET) refers to ble_radio_notification.o(.text) for SWI1_IRQHandler
    arm_startup_nrf51.o(RESET) refers to softdevice_handler.o(.text) for SWI2_IRQHandler
    arm_startup_nrf51.o(.text) refers (Special) to heapauxi.o(.text) for __use_two_region_memory
    arm_startup_nrf51.o(.text) refers to system_nrf51.o(.text) for SystemInit
    arm_startup_nrf51.o(.text) refers to __main.o(!!!main) for __main
    arm_startup_nrf51.o(.text) refers to arm_startup_nrf51.o(HEAP) for Heap_Mem
    arm_startup_nrf51.o(.text) refers to arm_startup_nrf51.o(STACK) for Stack_Mem
    main.o(.text) refers to aeabi_sdiv.o(.text) for __aeabi_idivmod
    main.o(.text) refers to rt_memclr.o(.text) for __aeabi_memclr4
    main.o(.text) refers to ble_advdata.o(.text) for ble_advdata_set
    main.o(.text) refers to softdevice_handler.o(.text) for softdevice_handler_init
    main.o(.text) refers to nrf_delay.o(.text) for nrf_delay_ms
    main.o(.text) refers to cc110l.o(.text) for CC110L_RFSendPacket
    main.o(.text) refers to spi_master_mnhs.o(.text) for spi_master_init
    main.o(.text) refers to ble_radio_notification.o(.text) for ble_radio_notification_init
    main.o(.text) refers to main.o(.data) for _ADC_measurement
    main.o(.text) refers to main.o(.bss) for manuf_specific_data
    cc110l.o(.text) refers to spi_master_mnhs.o(.text) for spi_master_tx_rx_ss
    cc110l.o(.text) refers to cc110l.o(.emb_text) for __asm___8_cc110l_c_b78c57e3__nrf_delay_us
    cc110l.o(.text) refers to cc110l.o(.data) for cc110l_spi_base_addr
    cc110l.o(.text) refers to cc110l.o(.bss) for dummy
    ble_srv_common.o(.text) refers to main.o(.text) for app_error_handler
    ble_srv_common.o(.text) refers to strlen.o(.text) for strlen
    ble_advdata.o(.text) refers to rt_memcpy.o(.text) for __aeabi_memcpy
    softdevice_handler.o(.text) refers to main.o(.text) for assert_nrf_callback
    softdevice_handler.o(.text) refers to softdevice_handler.o(.data) for m_softdevice_enabled
    ble_debug_assert_handler.o(.text) refers to strncpy.o(.text) for strncpy
    ble_debug_assert_handler.o(.text) refers to ble_debug_assert_handler.o(.bss) for s_file_name
    ble_debug_assert_handler.o(.text) refers to ble_debug_assert_handler.o(.data) for s_line_num
    ble_radio_notification.o(.text) refers to ble_radio_notification.o(.data) for m_radio_active
    nrf_delay.o(.text) refers to nrf_delay.o(.emb_text) for __asm___11_nrf_delay_c_532987f3__nrf_delay_us
    twi_hw_master_sd.o(.text) refers to twi_hw_master_sd.o(.emb_text) for __asm___18_twi_hw_master_SD_c_959ec897__nrf_delay_us
    twi_hw_master_sd.o(.text) refers to twi_hw_master_sd.o(.data) for sd_enabled
    rt_memcpy.o(.text) refers to rt_memcpy.o(.emb_text) for __aeabi_memcpy4
    strncpy.o(.text) refers to rt_memclr.o(.text) for __rt_memclr
    __main.o(!!!main) refers to rtentry.o(.ARM.Collect$$rtentry$$00000000) for __rt_entry
    rtentry.o(.ARM.Collect$$rtentry$$00000000) refers (Special) to rtentry2.o(.ARM.Collect$$rtentry$$0000000A) for __rt_entry_li
    rtentry.o(.ARM.Collect$$rtentry$$00000000) refers (Special) to rtentry2.o(.ARM.Collect$$rtentry$$0000000D) for __rt_entry_main
    rtentry.o(.ARM.Collect$$rtentry$$00000000) refers (Special) to rtentry2.o(.ARM.Collect$$rtentry$$0000000C) for __rt_entry_postli_1
    rtentry.o(.ARM.Collect$$rtentry$$00000000) refers (Special) to rtentry2.o(.ARM.Collect$$rtentry$$00000009) for __rt_entry_postsh_1
    rtentry.o(.ARM.Collect$$rtentry$$00000000) refers (Special) to rtentry2.o(.ARM.Collect$$rtentry$$00000002) for __rt_entry_presh_1
    rtentry.o(.ARM.Collect$$rtentry$$00000000) refers (Special) to rtentry4.o(.ARM.Collect$$rtentry$$00000004) for __rt_entry_sh
    aeabi_idiv0_sigfpe.o(.text) refers to rt_div0.o(.text) for __rt_div0
    rtentry2.o(.ARM.Collect$$rtentry$$00000008) refers to boardinit2.o(.text) for _platform_post_stackheap_init
    rtentry2.o(.ARM.Collect$$rtentry$$0000000A) refers to libinit.o(.ARM.Collect$$libinit$$00000000) for __rt_lib_init
    rtentry2.o(.ARM.Collect$$rtentry$$0000000B) refers to boardinit3.o(.text) for _platform_post_lib_init
    rtentry2.o(.ARM.Collect$$rtentry$$0000000D) refers to main.o(.text) for main
    rtentry2.o(.ARM.Collect$$rtentry$$0000000D) refers to exit.o(.text) for exit
    rtentry2.o(.ARM.exidx) refers to rtentry2.o(.ARM.Collect$$rtentry$$00000001) for .ARM.Collect$$rtentry$$00000001
    rtentry2.o(.ARM.exidx) refers to rtentry2.o(.ARM.Collect$$rtentry$$00000008) for .ARM.Collect$$rtentry$$00000008
    rtentry2.o(.ARM.exidx) refers to rtentry2.o(.ARM.Collect$$rtentry$$0000000A) for .ARM.Collect$$rtentry$$0000000A
    rtentry2.o(.ARM.exidx) refers to rtentry2.o(.ARM.Collect$$rtentry$$0000000B) for .ARM.Collect$$rtentry$$0000000B
    rtentry2.o(.ARM.exidx) refers to rtentry2.o(.ARM.Collect$$rtentry$$0000000D) for .ARM.Collect$$rtentry$$0000000D
    rtentry4.o(.ARM.Collect$$rtentry$$00000004) refers to sys_stackheap_outer.o(.text) for __user_setup_stackheap
    rtentry4.o(.ARM.exidx) refers to rtentry4.o(.ARM.Collect$$rtentry$$00000004) for .ARM.Collect$$rtentry$$00000004
    rt_div0.o(.text) refers to defsig_fpe_outer.o(.text) for __rt_SIGFPE
    sys_stackheap_outer.o(.text) refers to libspace.o(.text) for __user_perproc_libspace
    sys_stackheap_outer.o(.text) refers to arm_startup_nrf51.o(.text) for __user_initial_stackheap
    sys_stackheap_outer.o(__vectab_stack_and_reset_area) refers to tempstk.o(.text) for __temporary_stack_top
    sys_stackheap_outer.o(__vectab_stack_and_reset_area) refers to __main.o(!!!main) for __main
    exit.o(.text) refers to rtexit.o(.ARM.Collect$$rtexit$$00000000) for __rt_exit
    defsig_fpe_outer.o(.text) refers to defsig_fpe_inner.o(.text) for __rt_SIGFPE_inner
    defsig_fpe_outer.o(.text) refers to defsig_exit.o(.text) for __sig_exit
    defsig_fpe_formal.o(.text) refers to rt_raise.o(.text) for __rt_raise
    libinit.o(.ARM.Collect$$libinit$$00000000) refers (Special) to libinit2.o(.ARM.Collect$$libinit$$0000002C) for __rt_lib_init_alloca_1
    libinit.o(.ARM.Collect$$libinit$$00000000) refers (Special) to libinit2.o(.ARM.Collect$$libinit$$0000002A) for __rt_lib_init_argv_1
    libinit.o(.ARM.Collect$$libinit$$00000000) refers (Special) to libinit2.o(.ARM.Collect$$libinit$$00000019) for __rt_lib_init_atexit_1
    libinit.o(.ARM.Collect$$libinit$$00000000) refers (Special) to libinit2.o(.ARM.Collect$$libinit$$0000001F) for __rt_lib_init_clock_1
    libinit.o(.ARM.Collect$$libinit$$00000000) refers (Special) to libinit2.o(.ARM.Collect$$libinit$$00000030) for __rt_lib_init_cpp_1
    libinit.o(.ARM.Collect$$libinit$$00000000) refers (Special) to libinit2.o(.ARM.Collect$$libinit$$0000002E) for __rt_lib_init_exceptions_1
    libinit.o(.ARM.Collect$$libinit$$00000000) refers (Special) to libinit2.o(.ARM.Collect$$libinit$$00000001) for __rt_lib_init_fp_1
    libinit.o(.ARM.Collect$$libinit$$00000000) refers (Special) to libinit2.o(.ARM.Collect$$libinit$$0000001D) for __rt_lib_init_fp_trap_1
    libinit.o(.ARM.Collect$$libinit$$00000000) refers (Special) to libinit2.o(.ARM.Collect$$libinit$$00000021) for __rt_lib_init_getenv_1
    libinit.o(.ARM.Collect$$libinit$$00000000) refers (Special) to libinit2.o(.ARM.Collect$$libinit$$00000008) for __rt_lib_init_heap_1
    libinit.o(.ARM.Collect$$libinit$$00000000) refers (Special) to libinit2.o(.ARM.Collect$$libinit$$0000000F) for __rt_lib_init_lc_collate_1
    libinit.o(.ARM.Collect$$libinit$$00000000) refers (Special) to libinit2.o(.ARM.Collect$$libinit$$00000011) for __rt_lib_init_lc_ctype_1
    libinit.o(.ARM.Collect$$libinit$$00000000) refers (Special) to libinit2.o(.ARM.Collect$$libinit$$00000013) for __rt_lib_init_lc_monetary_1
    libinit.o(.ARM.Collect$$libinit$$00000000) refers (Special) to libinit2.o(.ARM.Collect$$libinit$$00000015) for __rt_lib_init_lc_numeric_1
    libinit.o(.ARM.Collect$$libinit$$00000000) refers (Special) to libinit2.o(.ARM.Collect$$libinit$$00000017) for __rt_lib_init_lc_time_1
    libinit.o(.ARM.Collect$$libinit$$00000000) refers (Special) to libinit2.o(.ARM.Collect$$libinit$$0000000C) for __rt_lib_init_rand_1
    libinit.o(.ARM.Collect$$libinit$$00000000) refers (Special) to libinit2.o(.ARM.Collect$$libinit$$00000031) for __rt_lib_init_return
    libinit.o(.ARM.Collect$$libinit$$00000000) refers (Special) to libinit2.o(.ARM.Collect$$libinit$$0000001B) for __rt_lib_init_signal_1
    libinit.o(.ARM.Collect$$libinit$$00000000) refers (Special) to libinit2.o(.ARM.Collect$$libinit$$00000023) for __rt_lib_init_stdio_1
    libinit.o(.ARM.Collect$$libinit$$00000000) refers (Special) to libinit2.o(.ARM.Collect$$libinit$$0000000A) for __rt_lib_init_user_alloc_1
    libspace.o(.text) refers to libspace.o(.bss) for __libspace_start
    rtexit.o(.ARM.Collect$$rtexit$$00000000) refers (Special) to rtexit2.o(.ARM.Collect$$rtexit$$00000004) for __rt_exit_exit
    rtexit.o(.ARM.Collect$$rtexit$$00000000) refers (Special) to rtexit2.o(.ARM.Collect$$rtexit$$00000003) for __rt_exit_ls
    rtexit.o(.ARM.Collect$$rtexit$$00000000) refers (Special) to rtexit2.o(.ARM.Collect$$rtexit$$00000002) for __rt_exit_prels_1
    rtexit.o(.ARM.exidx) refers (Special) to rtexit2.o(.ARM.Collect$$rtexit$$00000004) for __rt_exit_exit
    rtexit.o(.ARM.exidx) refers (Special) to rtexit2.o(.ARM.Collect$$rtexit$$00000003) for __rt_exit_ls
    rtexit.o(.ARM.exidx) refers (Special) to rtexit2.o(.ARM.Collect$$rtexit$$00000002) for __rt_exit_prels_1
    rtexit.o(.ARM.exidx) refers to rtexit.o(.ARM.Collect$$rtexit$$00000000) for .ARM.Collect$$rtexit$$00000000
    rt_raise.o(.text) refers to __raise.o(.text) for __raise
    rt_raise.o(.text) refers to sys_exit.o(.text) for _sys_exit
    defsig_exit.o(.text) refers to sys_exit.o(.text) for _sys_exit
    defsig_fpe_inner.o(.text) refers to defsig_general.o(.text) for __default_signal_display
    libinit2.o(.ARM.Collect$$libinit$$0000000E) refers to libinit2.o(.ARM.Collect$$libinit$$0000000D) for .ARM.Collect$$libinit$$0000000D
    libinit2.o(.ARM.Collect$$libinit$$00000010) refers to libinit2.o(.ARM.Collect$$libinit$$0000000D) for .ARM.Collect$$libinit$$0000000D
    libinit2.o(.ARM.Collect$$libinit$$00000012) refers to libinit2.o(.ARM.Collect$$libinit$$0000000D) for .ARM.Collect$$libinit$$0000000D
    libinit2.o(.ARM.Collect$$libinit$$00000014) refers to libinit2.o(.ARM.Collect$$libinit$$0000000D) for .ARM.Collect$$libinit$$0000000D
    libinit2.o(.ARM.Collect$$libinit$$00000016) refers to libinit2.o(.ARM.Collect$$libinit$$0000000D) for .ARM.Collect$$libinit$$0000000D
    libinit2.o(.ARM.Collect$$libinit$$00000024) refers to argv_veneer.o(.text) for __ARM_argv_veneer
    libinit2.o(.ARM.Collect$$libinit$$00000025) refers to argv_veneer.o(.text) for __ARM_argv_veneer
    sys_exit.o(.text) refers (Special) to use_no_semi.o(.text) for __I$use$semihosting
    sys_exit.o(.text) refers (Special) to indicate_semi.o(.text) for __semihosting_library_function
    rtexit2.o(.ARM.Collect$$rtexit$$00000003) refers to libshutdown.o(.ARM.Collect$$libshutdown$$00000000) for __rt_lib_shutdown
    rtexit2.o(.ARM.Collect$$rtexit$$00000004) refers to sys_exit.o(.text) for _sys_exit
    rtexit2.o(.ARM.exidx) refers to rtexit2.o(.ARM.Collect$$rtexit$$00000001) for .ARM.Collect$$rtexit$$00000001
    rtexit2.o(.ARM.exidx) refers to rtexit2.o(.ARM.Collect$$rtexit$$00000003) for .ARM.Collect$$rtexit$$00000003
    rtexit2.o(.ARM.exidx) refers to rtexit2.o(.ARM.Collect$$rtexit$$00000004) for .ARM.Collect$$rtexit$$00000004
    __raise.o(.text) refers to defsig.o(CL$$defsig) for __default_signal_handler
    defsig_general.o(.text) refers to sys_wrch.o(.text) for _ttywrch
    sys_wrch.o(.text) refers (Special) to use_no_semi.o(.text) for __I$use$semihosting
    sys_wrch.o(.text) refers (Special) to indicate_semi.o(.text) for __semihosting_library_function
    defsig.o(CL$$defsig) refers to defsig_fpe_inner.o(.text) for __rt_SIGFPE_inner
    defsig.o(CL$$defsig) refers to defsig_rtmem_inner.o(.text) for __rt_SIGRTMEM_inner
    _get_argv_nomalloc.o(.text) refers (Special) to hrguard.o(.text) for __heap_region$guard
    _get_argv_nomalloc.o(.text) refers to defsig_rtmem_outer.o(.text) for __rt_SIGRTMEM
    _get_argv_nomalloc.o(.text) refers to sys_command.o(.text) for _sys_command_string
    libshutdown.o(.ARM.Collect$$libshutdown$$00000000) refers (Special) to libshutdown2.o(.ARM.Collect$$libshutdown$$00000006) for __rt_lib_shutdown_fp_trap_1
    libshutdown.o(.ARM.Collect$$libshutdown$$00000000) refers (Special) to libshutdown2.o(.ARM.Collect$$libshutdown$$0000000E) for __rt_lib_shutdown_heap_1
    libshutdown.o(.ARM.Collect$$libshutdown$$00000000) refers (Special) to libshutdown2.o(.ARM.Collect$$libshutdown$$0000000F) for __rt_lib_shutdown_return
    libshutdown.o(.ARM.Collect$$libshutdown$$00000000) refers (Special) to libshutdown2.o(.ARM.Collect$$libshutdown$$00000009) for __rt_lib_shutdown_signal_1
    libshutdown.o(.ARM.Collect$$libshutdown$$00000000) refers (Special) to libshutdown2.o(.ARM.Collect$$libshutdown$$00000003) for __rt_lib_shutdown_stdio_1
    libshutdown.o(.ARM.Collect$$libshutdown$$00000000) refers (Special) to libshutdown2.o(.ARM.Collect$$libshutdown$$0000000B) for __rt_lib_shutdown_user_alloc_1
    sys_command.o(.text) refers (Special) to use_no_semi.o(.text) for __I$use$semihosting
    sys_command.o(.text) refers (Special) to indicate_semi.o(.text) for __semihosting_library_function
    defsig_abrt_inner.o(.text) refers to defsig_general.o(.text) for __default_signal_display
    defsig_rtred_inner.o(.text) refers to defsig_general.o(.text) for __default_signal_display
    defsig_rtmem_inner.o(.text) refers to defsig_general.o(.text) for __default_signal_display
    defsig_rtmem_outer.o(.text) refers to defsig_rtmem_inner.o(.text) for __rt_SIGRTMEM_inner
    defsig_rtmem_outer.o(.text) refers to defsig_exit.o(.text) for __sig_exit
    defsig_rtmem_formal.o(.text) refers to rt_raise.o(.text) for __rt_raise
    defsig_stak_inner.o(.text) refers to defsig_general.o(.text) for __default_signal_display
    defsig_pvfn_inner.o(.text) refers to defsig_general.o(.text) for __default_signal_display
    defsig_cppl_inner.o(.text) refers to defsig_general.o(.text) for __default_signal_display
    defsig_segv_inner.o(.text) refers to defsig_general.o(.text) for __default_signal_display
    defsig_other.o(.text) refers to defsig_general.o(.text) for __default_signal_display


==============================================================================

Removing Unused input sections from the image.

    Removing system_nrf51.o(.rev16_text), (4 bytes).
    Removing system_nrf51.o(.revsh_text), (4 bytes).
    Removing main.o(.rev16_text), (4 bytes).
    Removing main.o(.revsh_text), (4 bytes).
    Removing main.o(.emb_text), (30 bytes).
    Removing cc110l.o(.rev16_text), (4 bytes).
    Removing cc110l.o(.revsh_text), (4 bytes).
    Removing ble_srv_common.o(.text), (136 bytes).
    Removing softdevice_handler.o(.rev16_text), (4 bytes).
    Removing softdevice_handler.o(.revsh_text), (4 bytes).
    Removing ble_debug_assert_handler.o(.rev16_text), (4 bytes).
    Removing ble_debug_assert_handler.o(.revsh_text), (4 bytes).
    Removing ble_debug_assert_handler.o(.text), (60 bytes).
    Removing ble_debug_assert_handler.o(.bss), (128 bytes).
    Removing ble_debug_assert_handler.o(.data), (8 bytes).
    Removing ble_radio_notification.o(.rev16_text), (4 bytes).
    Removing ble_radio_notification.o(.revsh_text), (4 bytes).
    Removing spi_master_mnhs.o(.rev16_text), (4 bytes).
    Removing spi_master_mnhs.o(.revsh_text), (4 bytes).
    Removing spi_master_mnhs.o(.emb_text), (30 bytes).
    Removing nrf_delay.o(.rev16_text), (4 bytes).
    Removing nrf_delay.o(.revsh_text), (4 bytes).
    Removing twi_hw_master_sd.o(.rev16_text), (4 bytes).
    Removing twi_hw_master_sd.o(.revsh_text), (4 bytes).
    Removing twi_hw_master_sd.o(.emb_text), (30 bytes).
    Removing twi_hw_master_sd.o(.text), (952 bytes).
    Removing twi_hw_master_sd.o(.data), (1 bytes).

27 unused section(s) (total 1447 bytes) removed from the image.

==============================================================================

Image Symbol Table

    Local Symbols

    Symbol Name                              Value     Ov Type        Size  Object(Section)

    ../clib/angel/boardlib.s                 0x00000000   Number         0  boardinit1.o ABSOLUTE
    ../clib/angel/boardlib.s                 0x00000000   Number         0  boardinit2.o ABSOLUTE
    ../clib/angel/boardlib.s                 0x00000000   Number         0  boardshut.o ABSOLUTE
    ../clib/angel/boardlib.s                 0x00000000   Number         0  boardinit3.o ABSOLUTE
    ../clib/angel/handlers.s                 0x00000000   Number         0  __scatter_copy.o ABSOLUTE
    ../clib/angel/handlers.s                 0x00000000   Number         0  __scatter_zi.o ABSOLUTE
    ../clib/angel/kernel.s                   0x00000000   Number         0  rtexit.o ABSOLUTE
    ../clib/angel/kernel.s                   0x00000000   Number         0  rtentry2.o ABSOLUTE
    ../clib/angel/kernel.s                   0x00000000   Number         0  rtentry.o ABSOLUTE
    ../clib/angel/kernel.s                   0x00000000   Number         0  rtentry4.o ABSOLUTE
    ../clib/angel/kernel.s                   0x00000000   Number         0  rtexit2.o ABSOLUTE
    ../clib/angel/rt.s                       0x00000000   Number         0  rt_div0.o ABSOLUTE
    ../clib/angel/rt.s                       0x00000000   Number         0  aeabi_idiv0.o ABSOLUTE
    ../clib/angel/rt.s                       0x00000000   Number         0  aeabi_idiv0_sigfpe.o ABSOLUTE
    ../clib/angel/rt.s                       0x00000000   Number         0  rt_raise.o ABSOLUTE
    ../clib/angel/scatterp.s                 0x00000000   Number         0  __scatter.o ABSOLUTE
    ../clib/angel/startup.s                  0x00000000   Number         0  __main.o ABSOLUTE
    ../clib/angel/sys.s                      0x00000000   Number         0  tempstk.o ABSOLUTE
    ../clib/angel/sys.s                      0x00000000   Number         0  sys_stackheap_outer.o ABSOLUTE
    ../clib/angel/sys.s                      0x00000000   Number         0  libspace.o ABSOLUTE
    ../clib/angel/sys.s                      0x00000000   Number         0  use_no_semi.o ABSOLUTE
    ../clib/angel/sys.s                      0x00000000   Number         0  indicate_semi.o ABSOLUTE
    ../clib/angel/sysapp.c                   0x00000000   Number         0  sys_exit.o ABSOLUTE
    ../clib/angel/sysapp.c                   0x00000000   Number         0  sys_command.o ABSOLUTE
    ../clib/angel/sysapp.c                   0x00000000   Number         0  sys_wrch.o ABSOLUTE
    ../clib/armsys.c                         0x00000000   Number         0  argv_veneer.o ABSOLUTE
    ../clib/armsys.c                         0x00000000   Number         0  no_argv.o ABSOLUTE
    ../clib/armsys.c                         0x00000000   Number         0  _get_argv_nomalloc.o ABSOLUTE
    ../clib/division.s                       0x00000000   Number         0  aeabi_sdiv_div0.o ABSOLUTE
    ../clib/division.s                       0x00000000   Number         0  aeabi_sdiv.o ABSOLUTE
    ../clib/heapalloc.c                      0x00000000   Number         0  hrguard.o ABSOLUTE
    ../clib/heapaux.c                        0x00000000   Number         0  heapauxi.o ABSOLUTE
    ../clib/libinit.s                        0x00000000   Number         0  libinit.o ABSOLUTE
    ../clib/libinit.s                        0x00000000   Number         0  libshutdown2.o ABSOLUTE
    ../clib/libinit.s                        0x00000000   Number         0  libshutdown.o ABSOLUTE
    ../clib/libinit.s                        0x00000000   Number         0  libinit2.o ABSOLUTE
    ../clib/memcpset.c                       0x00000000   Number         0  rt_memclr.o ABSOLUTE
    ../clib/memcpset.c                       0x00000000   Number         0  rt_memcpy.o ABSOLUTE
    ../clib/memcpset.c                       0x00000000   Number         0  rt_memcpy.o ABSOLUTE
    ../clib/signal.c                         0x00000000   Number         0  defsig_fpe_outer.o ABSOLUTE
    ../clib/signal.c                         0x00000000   Number         0  defsig_other.o ABSOLUTE
    ../clib/signal.c                         0x00000000   Number         0  defsig_segv_inner.o ABSOLUTE
    ../clib/signal.c                         0x00000000   Number         0  defsig_cppl_inner.o ABSOLUTE
    ../clib/signal.c                         0x00000000   Number         0  defsig_pvfn_inner.o ABSOLUTE
    ../clib/signal.c                         0x00000000   Number         0  defsig_stak_inner.o ABSOLUTE
    ../clib/signal.c                         0x00000000   Number         0  defsig_rtmem_outer.o ABSOLUTE
    ../clib/signal.c                         0x00000000   Number         0  defsig_rtmem_inner.o ABSOLUTE
    ../clib/signal.c                         0x00000000   Number         0  defsig_rtred_inner.o ABSOLUTE
    ../clib/signal.c                         0x00000000   Number         0  defsig_abrt_inner.o ABSOLUTE
    ../clib/signal.c                         0x00000000   Number         0  defsig_general.o ABSOLUTE
    ../clib/signal.c                         0x00000000   Number         0  __raise.o ABSOLUTE
    ../clib/signal.c                         0x00000000   Number         0  defsig_rtmem_formal.o ABSOLUTE
    ../clib/signal.c                         0x00000000   Number         0  defsig_fpe_inner.o ABSOLUTE
    ../clib/signal.c                         0x00000000   Number         0  defsig_exit.o ABSOLUTE
    ../clib/signal.c                         0x00000000   Number         0  defsig_fpe_formal.o ABSOLUTE
    ../clib/signal.s                         0x00000000   Number         0  defsig.o ABSOLUTE
    ../clib/stdlib.c                         0x00000000   Number         0  exit.o ABSOLUTE
    ../clib/string.c                         0x00000000   Number         0  strncpy.o ABSOLUTE
    ../clib/string.c                         0x00000000   Number         0  strlen.o ABSOLUTE
    ../fplib/cfplib/fpinit.c                 0x00000000   Number         0  fpinit.o ABSOLUTE
    ..\..\..\..\Source\ble\ble_advdata.c     0x00000000   Number         0  ble_advdata.o ABSOLUTE
    ..\..\..\..\Source\ble\ble_debug_assert_handler.c 0x00000000   Number         0  ble_debug_assert_handler.o ABSOLUTE
    ..\..\..\..\Source\ble\ble_radio_notification.c 0x00000000   Number         0  ble_radio_notification.o ABSOLUTE
    ..\..\..\..\Source\ble\ble_services\ble_srv_common.c 0x00000000   Number         0  ble_srv_common.o ABSOLUTE
    ..\..\..\..\Source\nrf_delay\nrf_delay.c 0x00000000   Number         0  nrf_delay.o ABSOLUTE
    ..\..\..\..\Source\sd_common\softdevice_handler.c 0x00000000   Number         0  softdevice_handler.o ABSOLUTE
    ..\..\..\..\Source\templates\arm\arm_startup_nrf51.s 0x00000000   Number         0  arm_startup_nrf51.o ABSOLUTE
    ..\..\..\..\Source\templates\system_nrf51.c 0x00000000   Number         0  system_nrf51.o ABSOLUTE
    ..\..\..\..\Source\twi_master\twi_hw_master_SD.c 0x00000000   Number         0  twi_hw_master_sd.o ABSOLUTE
    ..\\..\\..\\..\\Source\\ble\\ble_debug_assert_handler.c 0x00000000   Number         0  ble_debug_assert_handler.o ABSOLUTE
    ..\\..\\..\\..\\Source\\ble\\ble_radio_notification.c 0x00000000   Number         0  ble_radio_notification.o ABSOLUTE
    ..\\..\\..\\..\\Source\\nrf_delay\\nrf_delay.c 0x00000000   Number         0  nrf_delay.o ABSOLUTE
    ..\\..\\..\\..\\Source\\sd_common\\softdevice_handler.c 0x00000000   Number         0  softdevice_handler.o ABSOLUTE
    ..\\..\\..\\..\\Source\\templates\\system_nrf51.c 0x00000000   Number         0  system_nrf51.o ABSOLUTE
    ..\\..\\..\\..\\Source\\twi_master\\twi_hw_master_SD.c 0x00000000   Number         0  twi_hw_master_sd.o ABSOLUTE
    ..\\cc110l.c                             0x00000000   Number         0  cc110l.o ABSOLUTE
    ..\\main.c                               0x00000000   Number         0  main.o ABSOLUTE
    ..\\spi_master_mnhs.c                    0x00000000   Number         0  spi_master_mnhs.o ABSOLUTE
    ..\cc110l.c                              0x00000000   Number         0  cc110l.o ABSOLUTE
    ..\main.c                                0x00000000   Number         0  main.o ABSOLUTE
    ..\spi_master_mnhs.c                     0x00000000   Number         0  spi_master_mnhs.o ABSOLUTE
    dc.s                                     0x00000000   Number         0  dc.o ABSOLUTE
    RESET                                    0x00016000   Section      192  arm_startup_nrf51.o(RESET)
    !!!main                                  0x000160c0   Section        8  __main.o(!!!main)
    !!!scatter                               0x000160c8   Section       60  __scatter.o(!!!scatter)
    !!handler_copy                           0x00016104   Section       26  __scatter_copy.o(!!handler_copy)
    !!handler_zi                             0x00016120   Section       28  __scatter_zi.o(!!handler_zi)
    .ARM.Collect$$libinit$$00000000          0x0001613c   Section        2  libinit.o(.ARM.Collect$$libinit$$00000000)
    .ARM.Collect$$libinit$$00000001          0x0001613e   Section        4  libinit2.o(.ARM.Collect$$libinit$$00000001)
    .ARM.Collect$$libinit$$00000008          0x00016142   Section        0  libinit2.o(.ARM.Collect$$libinit$$00000008)
    .ARM.Collect$$libinit$$0000000A          0x00016142   Section        0  libinit2.o(.ARM.Collect$$libinit$$0000000A)
    .ARM.Collect$$libinit$$0000000C          0x00016142   Section        0  libinit2.o(.ARM.Collect$$libinit$$0000000C)
    .ARM.Collect$$libinit$$0000000F          0x00016142   Section        0  libinit2.o(.ARM.Collect$$libinit$$0000000F)
    .ARM.Collect$$libinit$$00000011          0x00016142   Section        0  libinit2.o(.ARM.Collect$$libinit$$00000011)
    .ARM.Collect$$libinit$$00000013          0x00016142   Section        0  libinit2.o(.ARM.Collect$$libinit$$00000013)
    .ARM.Collect$$libinit$$00000015          0x00016142   Section        0  libinit2.o(.ARM.Collect$$libinit$$00000015)
    .ARM.Collect$$libinit$$00000017          0x00016142   Section        0  libinit2.o(.ARM.Collect$$libinit$$00000017)
    .ARM.Collect$$libinit$$00000019          0x00016142   Section        0  libinit2.o(.ARM.Collect$$libinit$$00000019)
    .ARM.Collect$$libinit$$0000001B          0x00016142   Section        0  libinit2.o(.ARM.Collect$$libinit$$0000001B)
    .ARM.Collect$$libinit$$0000001D          0x00016142   Section        0  libinit2.o(.ARM.Collect$$libinit$$0000001D)
    .ARM.Collect$$libinit$$0000001F          0x00016142   Section        0  libinit2.o(.ARM.Collect$$libinit$$0000001F)
    .ARM.Collect$$libinit$$00000021          0x00016142   Section        0  libinit2.o(.ARM.Collect$$libinit$$00000021)
    .ARM.Collect$$libinit$$00000023          0x00016142   Section        0  libinit2.o(.ARM.Collect$$libinit$$00000023)
    .ARM.Collect$$libinit$$0000002A          0x00016142   Section        0  libinit2.o(.ARM.Collect$$libinit$$0000002A)
    .ARM.Collect$$libinit$$0000002C          0x00016142   Section        0  libinit2.o(.ARM.Collect$$libinit$$0000002C)
    .ARM.Collect$$libinit$$0000002E          0x00016142   Section        0  libinit2.o(.ARM.Collect$$libinit$$0000002E)
    .ARM.Collect$$libinit$$00000030          0x00016142   Section        0  libinit2.o(.ARM.Collect$$libinit$$00000030)
    .ARM.Collect$$libinit$$00000031          0x00016142   Section        2  libinit2.o(.ARM.Collect$$libinit$$00000031)
    .ARM.Collect$$libshutdown$$00000000      0x00016144   Section        2  libshutdown.o(.ARM.Collect$$libshutdown$$00000000)
    .ARM.Collect$$libshutdown$$00000003      0x00016146   Section        0  libshutdown2.o(.ARM.Collect$$libshutdown$$00000003)
    .ARM.Collect$$libshutdown$$00000006      0x00016146   Section        0  libshutdown2.o(.ARM.Collect$$libshutdown$$00000006)
    .ARM.Collect$$libshutdown$$00000009      0x00016146   Section        0  libshutdown2.o(.ARM.Collect$$libshutdown$$00000009)
    .ARM.Collect$$libshutdown$$0000000B      0x00016146   Section        0  libshutdown2.o(.ARM.Collect$$libshutdown$$0000000B)
    .ARM.Collect$$libshutdown$$0000000E      0x00016146   Section        0  libshutdown2.o(.ARM.Collect$$libshutdown$$0000000E)
    .ARM.Collect$$libshutdown$$0000000F      0x00016146   Section        2  libshutdown2.o(.ARM.Collect$$libshutdown$$0000000F)
    .ARM.Collect$$rtentry$$00000000          0x00016148   Section        0  rtentry.o(.ARM.Collect$$rtentry$$00000000)
    .ARM.Collect$$rtentry$$00000002          0x00016148   Section        0  rtentry2.o(.ARM.Collect$$rtentry$$00000002)
    .ARM.Collect$$rtentry$$00000004          0x00016148   Section        6  rtentry4.o(.ARM.Collect$$rtentry$$00000004)
    .ARM.Collect$$rtentry$$00000009          0x0001614e   Section        0  rtentry2.o(.ARM.Collect$$rtentry$$00000009)
    .ARM.Collect$$rtentry$$0000000A          0x0001614e   Section        4  rtentry2.o(.ARM.Collect$$rtentry$$0000000A)
    .ARM.Collect$$rtentry$$0000000C          0x00016152   Section        0  rtentry2.o(.ARM.Collect$$rtentry$$0000000C)
    .ARM.Collect$$rtentry$$0000000D          0x00016152   Section        8  rtentry2.o(.ARM.Collect$$rtentry$$0000000D)
    .ARM.Collect$$rtexit$$00000000           0x0001615a   Section        2  rtexit.o(.ARM.Collect$$rtexit$$00000000)
    .ARM.Collect$$rtexit$$00000002           0x0001615c   Section        0  rtexit2.o(.ARM.Collect$$rtexit$$00000002)
    .ARM.Collect$$rtexit$$00000003           0x0001615c   Section        4  rtexit2.o(.ARM.Collect$$rtexit$$00000003)
    .ARM.Collect$$rtexit$$00000004           0x00016160   Section        6  rtexit2.o(.ARM.Collect$$rtexit$$00000004)
    .emb_text                                0x00016168   Section       30  cc110l.o(.emb_text)
    .emb_text                                0x00016188   Section       30  nrf_delay.o(.emb_text)
    .emb_text                                0x000161a8   Section       56  rt_memcpy.o(.emb_text)
    .text                                    0x000161e0   Section        0  system_nrf51.o(.text)
    is_disabled_in_debug_needed              0x000161e9   Thumb Code    52  system_nrf51.o(.text)
    is_manual_peripheral_setup_needed        0x0001621d   Thumb Code   104  system_nrf51.o(.text)
    .text                                    0x000162c8   Section       84  arm_startup_nrf51.o(.text)
    .text                                    0x0001631c   Section        0  main.o(.text)
    advertising_init                         0x0001640d   Thumb Code   118  main.o(.text)
    advertising_start                        0x00016483   Thumb Code    32  main.o(.text)
    ble_stack_init                           0x000164a3   Thumb Code    82  main.o(.text)
    power_manage                             0x000164f5   Thumb Code    32  main.o(.text)
    nrf_gpio_cfg_output                      0x00016639   Thumb Code    18  main.o(.text)
    nrf_gpio_pin_set                         0x0001664b   Thumb Code    10  main.o(.text)
    nrf_gpio_pin_clear                       0x00016655   Thumb Code    10  main.o(.text)
    .text                                    0x000166d8   Section        0  cc110l.o(.text)
    nrf_gpio_pin_set                         0x00016923   Thumb Code    10  cc110l.o(.text)
    nrf_gpio_pin_clear                       0x0001692d   Thumb Code    10  cc110l.o(.text)
    nrf_gpio_pin_read                        0x00016937   Thumb Code    14  cc110l.o(.text)
    .text                                    0x00016950   Section        0  ble_advdata.o(.text)
    name_encode                              0x00016951   Thumb Code   150  ble_advdata.o(.text)
    appearance_encode                        0x000169e7   Thumb Code    74  ble_advdata.o(.text)
    uint8_array_encode                       0x00016a31   Thumb Code    82  ble_advdata.o(.text)
    tx_power_level_encode                    0x00016a83   Thumb Code    48  ble_advdata.o(.text)
    uuid_list_sized_encode                   0x00016ab3   Thumb Code   196  ble_advdata.o(.text)
    uuid_list_encode                         0x00016b77   Thumb Code    64  ble_advdata.o(.text)
    conn_int_check                           0x00016bb7   Thumb Code    88  ble_advdata.o(.text)
    conn_int_encode                          0x00016c0f   Thumb Code    92  ble_advdata.o(.text)
    manuf_specific_data_encode               0x00016c6b   Thumb Code   106  ble_advdata.o(.text)
    service_data_encode                      0x00016cd5   Thumb Code   140  ble_advdata.o(.text)
    adv_data_encode                          0x00016d61   Thumb Code   304  ble_advdata.o(.text)
    advdata_check                            0x00016e91   Thumb Code    34  ble_advdata.o(.text)
    srdata_check                             0x00016eb3   Thumb Code    16  ble_advdata.o(.text)
    uint16_encode                            0x00016f3d   Thumb Code    18  ble_advdata.o(.text)
    .text                                    0x00016f54   Section        0  softdevice_handler.o(.text)
    .text                                    0x00017124   Section        0  ble_radio_notification.o(.text)
    .text                                    0x00017190   Section        0  spi_master_mnhs.o(.text)
    nrf_gpio_cfg_output                      0x000173c7   Thumb Code    18  spi_master_mnhs.o(.text)
    nrf_gpio_cfg_input                       0x000173d9   Thumb Code    20  spi_master_mnhs.o(.text)
    nrf_gpio_pin_set                         0x000173ed   Thumb Code    10  spi_master_mnhs.o(.text)
    .text                                    0x00017404   Section        0  nrf_delay.o(.text)
    .text                                    0x00017420   Section        0  rt_memcpy.o(.text)
    .text                                    0x000174a2   Section        0  rt_memclr.o(.text)
    .text                                    0x000174e2   Section      346  aeabi_sdiv.o(.text)
    .text                                    0x0001763c   Section        0  heapauxi.o(.text)
    .text                                    0x00017642   Section       62  sys_stackheap_outer.o(.text)
    .text                                    0x00017680   Section        0  exit.o(.text)
    .text                                    0x0001768c   Section        8  libspace.o(.text)
    .text                                    0x00017694   Section        0  sys_exit.o(.text)
    .text                                    0x000176a0   Section        2  use_no_semi.o(.text)
    .text                                    0x000176a2   Section        0  indicate_semi.o(.text)
    .data                                    0x20002000   Section        4  system_nrf51.o(.data)
    __tagsym$$used                           0x20002000   Number         0  system_nrf51.o(.data)
    .data                                    0x20002004   Section       44  main.o(.data)
    m_beacon_info                            0x20002009   Data          14  main.o(.data)
    .data                                    0x20002030   Section        7  cc110l.o(.data)
    .data                                    0x20002038   Section       20  softdevice_handler.o(.data)
    m_evt_schedule_func                      0x20002038   Data           4  softdevice_handler.o(.data)
    m_evt_buffer                             0x2000203c   Data           4  softdevice_handler.o(.data)
    m_ble_evt_buffer_size                    0x20002040   Data           2  softdevice_handler.o(.data)
    m_softdevice_enabled                     0x20002042   Data           1  softdevice_handler.o(.data)
    m_ble_evt_handler                        0x20002044   Data           4  softdevice_handler.o(.data)
    m_sys_evt_handler                        0x20002048   Data           4  softdevice_handler.o(.data)
    .data                                    0x2000204c   Section        8  ble_radio_notification.o(.data)
    m_radio_active                           0x2000204c   Data           1  ble_radio_notification.o(.data)
    m_evt_handler                            0x20002050   Data           4  ble_radio_notification.o(.data)
    .bss                                     0x20002054   Section      172  main.o(.bss)
    m_adv_params                             0x20002054   Data          20  main.o(.bss)
    EVT_BUFFER                               0x200020b0   Data          80  main.o(.bss)
    .bss                                     0x20002100   Section       16  cc110l.o(.bss)
    .bss                                     0x20002110   Section       96  libspace.o(.bss)
    HEAP                                     0x20002170   Section     2048  arm_startup_nrf51.o(HEAP)
    Heap_Mem                                 0x20002170   Data        2048  arm_startup_nrf51.o(HEAP)
    STACK                                    0x20002970   Section     2048  arm_startup_nrf51.o(STACK)
    Stack_Mem                                0x20002970   Data        2048  arm_startup_nrf51.o(STACK)
    __initial_sp                             0x20003170   Data           0  arm_startup_nrf51.o(STACK)

    Global Symbols

    Symbol Name                              Value     Ov Type        Size  Object(Section)

    BuildAttributes$$THM_ISAv3M$S$PE$A:L22$X:L11$S22$IEEE1$IW$USESV6$~STKCKD$USESV7$ENUMINT$~SHL$OSPACE$ROPI$EBA8$UX$STANDARDLIB$REQ8$PRES8$EABIv2 0x00000000   Number         0  anon$$obj.o ABSOLUTE
    __ARM_use_no_argv                        0x00000000   Number         0  main.o ABSOLUTE
    __ARM_exceptions_init                     - Undefined Weak Reference
    __alloca_initialize                       - Undefined Weak Reference
    __cpp_initialize__aeabi_                  - Undefined Weak Reference
    __cxa_finalize                            - Undefined Weak Reference
    __rt_locale                               - Undefined Weak Reference
    __sigvec_lookup                           - Undefined Weak Reference
    _atexit_init                              - Undefined Weak Reference
    _call_atexit_fns                          - Undefined Weak Reference
    _clock_init                               - Undefined Weak Reference
    _fp_trap_init                             - Undefined Weak Reference
    _fp_trap_shutdown                         - Undefined Weak Reference
    _get_lc_collate                           - Undefined Weak Reference
    _get_lc_ctype                             - Undefined Weak Reference
    _get_lc_monetary                          - Undefined Weak Reference
    _get_lc_numeric                           - Undefined Weak Reference
    _get_lc_time                              - Undefined Weak Reference
    _getenv_init                              - Undefined Weak Reference
    _handle_redirection                       - Undefined Weak Reference
    _init_alloc                               - Undefined Weak Reference
    _init_user_alloc                          - Undefined Weak Reference
    _initio                                   - Undefined Weak Reference
    _rand_init                                - Undefined Weak Reference
    _signal_finish                            - Undefined Weak Reference
    _signal_init                              - Undefined Weak Reference
    _terminate_alloc                          - Undefined Weak Reference
    _terminate_user_alloc                     - Undefined Weak Reference
    _terminateio                              - Undefined Weak Reference
    __Vectors_Size                           0x000000c0   Number         0  arm_startup_nrf51.o ABSOLUTE
    __Vectors                                0x00016000   Data           4  arm_startup_nrf51.o(RESET)
    __Vectors_End                            0x000160c0   Data           0  arm_startup_nrf51.o(RESET)
    __main                                   0x000160c1   Thumb Code     8  __main.o(!!!main)
    __scatterload                            0x000160c9   Thumb Code     0  __scatter.o(!!!scatter)
    __scatterload_rt2                        0x000160c9   Thumb Code    52  __scatter.o(!!!scatter)
    __scatterload_rt2_thumb_only             0x000160c9   Thumb Code     0  __scatter.o(!!!scatter)
    __scatterload_null                       0x000160d9   Thumb Code     0  __scatter.o(!!!scatter)
    __scatterload_copy                       0x00016105   Thumb Code    26  __scatter_copy.o(!!handler_copy)
    __scatterload_zeroinit                   0x00016121   Thumb Code    28  __scatter_zi.o(!!handler_zi)
    __rt_lib_init                            0x0001613d   Thumb Code     0  libinit.o(.ARM.Collect$$libinit$$00000000)
    __rt_lib_init_fp_1                       0x0001613f   Thumb Code     0  libinit2.o(.ARM.Collect$$libinit$$00000001)
    __rt_lib_init_alloca_1                   0x00016143   Thumb Code     0  libinit2.o(.ARM.Collect$$libinit$$0000002C)
    __rt_lib_init_argv_1                     0x00016143   Thumb Code     0  libinit2.o(.ARM.Collect$$libinit$$0000002A)
    __rt_lib_init_atexit_1                   0x00016143   Thumb Code     0  libinit2.o(.ARM.Collect$$libinit$$00000019)
    __rt_lib_init_clock_1                    0x00016143   Thumb Code     0  libinit2.o(.ARM.Collect$$libinit$$0000001F)
    __rt_lib_init_cpp_1                      0x00016143   Thumb Code     0  libinit2.o(.ARM.Collect$$libinit$$00000030)
    __rt_lib_init_exceptions_1               0x00016143   Thumb Code     0  libinit2.o(.ARM.Collect$$libinit$$0000002E)
    __rt_lib_init_fp_trap_1                  0x00016143   Thumb Code     0  libinit2.o(.ARM.Collect$$libinit$$0000001D)
    __rt_lib_init_getenv_1                   0x00016143   Thumb Code     0  libinit2.o(.ARM.Collect$$libinit$$00000021)
    __rt_lib_init_heap_1                     0x00016143   Thumb Code     0  libinit2.o(.ARM.Collect$$libinit$$00000008)
    __rt_lib_init_lc_collate_1               0x00016143   Thumb Code     0  libinit2.o(.ARM.Collect$$libinit$$0000000F)
    __rt_lib_init_lc_ctype_1                 0x00016143   Thumb Code     0  libinit2.o(.ARM.Collect$$libinit$$00000011)
    __rt_lib_init_lc_monetary_1              0x00016143   Thumb Code     0  libinit2.o(.ARM.Collect$$libinit$$00000013)
    __rt_lib_init_lc_numeric_1               0x00016143   Thumb Code     0  libinit2.o(.ARM.Collect$$libinit$$00000015)
    __rt_lib_init_lc_time_1                  0x00016143   Thumb Code     0  libinit2.o(.ARM.Collect$$libinit$$00000017)
    __rt_lib_init_rand_1                     0x00016143   Thumb Code     0  libinit2.o(.ARM.Collect$$libinit$$0000000C)
    __rt_lib_init_return                     0x00016143   Thumb Code     0  libinit2.o(.ARM.Collect$$libinit$$00000031)
    __rt_lib_init_signal_1                   0x00016143   Thumb Code     0  libinit2.o(.ARM.Collect$$libinit$$0000001B)
    __rt_lib_init_stdio_1                    0x00016143   Thumb Code     0  libinit2.o(.ARM.Collect$$libinit$$00000023)
    __rt_lib_init_user_alloc_1               0x00016143   Thumb Code     0  libinit2.o(.ARM.Collect$$libinit$$0000000A)
    __rt_lib_shutdown                        0x00016145   Thumb Code     0  libshutdown.o(.ARM.Collect$$libshutdown$$00000000)
    __rt_lib_shutdown_fp_trap_1              0x00016147   Thumb Code     0  libshutdown2.o(.ARM.Collect$$libshutdown$$00000006)
    __rt_lib_shutdown_heap_1                 0x00016147   Thumb Code     0  libshutdown2.o(.ARM.Collect$$libshutdown$$0000000E)
    __rt_lib_shutdown_return                 0x00016147   Thumb Code     0  libshutdown2.o(.ARM.Collect$$libshutdown$$0000000F)
    __rt_lib_shutdown_signal_1               0x00016147   Thumb Code     0  libshutdown2.o(.ARM.Collect$$libshutdown$$00000009)
    __rt_lib_shutdown_stdio_1                0x00016147   Thumb Code     0  libshutdown2.o(.ARM.Collect$$libshutdown$$00000003)
    __rt_lib_shutdown_user_alloc_1           0x00016147   Thumb Code     0  libshutdown2.o(.ARM.Collect$$libshutdown$$0000000B)
    __rt_entry                               0x00016149   Thumb Code     0  rtentry.o(.ARM.Collect$$rtentry$$00000000)
    __rt_entry_presh_1                       0x00016149   Thumb Code     0  rtentry2.o(.ARM.Collect$$rtentry$$00000002)
    __rt_entry_sh                            0x00016149   Thumb Code     0  rtentry4.o(.ARM.Collect$$rtentry$$00000004)
    __rt_entry_li                            0x0001614f   Thumb Code     0  rtentry2.o(.ARM.Collect$$rtentry$$0000000A)
    __rt_entry_postsh_1                      0x0001614f   Thumb Code     0  rtentry2.o(.ARM.Collect$$rtentry$$00000009)
    __rt_entry_main                          0x00016153   Thumb Code     0  rtentry2.o(.ARM.Collect$$rtentry$$0000000D)
    __rt_entry_postli_1                      0x00016153   Thumb Code     0  rtentry2.o(.ARM.Collect$$rtentry$$0000000C)
    __rt_exit                                0x0001615b   Thumb Code     0  rtexit.o(.ARM.Collect$$rtexit$$00000000)
    __rt_exit_ls                             0x0001615d   Thumb Code     0  rtexit2.o(.ARM.Collect$$rtexit$$00000003)
    __rt_exit_prels_1                        0x0001615d   Thumb Code     0  rtexit2.o(.ARM.Collect$$rtexit$$00000002)
    __rt_exit_exit                           0x00016161   Thumb Code     0  rtexit2.o(.ARM.Collect$$rtexit$$00000004)
    __asm___8_cc110l_c_b78c57e3__nrf_delay_us 0x00016169   Thumb Code    30  cc110l.o(.emb_text)
    __asm___11_nrf_delay_c_532987f3__nrf_delay_us 0x00016189   Thumb Code    30  nrf_delay.o(.emb_text)
    __aeabi_memcpy4                          0x000161a9   Thumb Code    56  rt_memcpy.o(.emb_text)
    __aeabi_memcpy8                          0x000161a9   Thumb Code     0  rt_memcpy.o(.emb_text)
    SystemCoreClockUpdate                    0x000161e1   Thumb Code     8  system_nrf51.o(.text)
    SystemInit                               0x00016285   Thumb Code    38  system_nrf51.o(.text)
    Reset_Handler                            0x000162c9   Thumb Code    26  arm_startup_nrf51.o(.text)
    NMI_Handler                              0x000162e3   Thumb Code     2  arm_startup_nrf51.o(.text)
    HardFault_Handler                        0x000162e5   Thumb Code     2  arm_startup_nrf51.o(.text)
    SVC_Handler                              0x000162e7   Thumb Code     2  arm_startup_nrf51.o(.text)
    PendSV_Handler                           0x000162e9   Thumb Code     2  arm_startup_nrf51.o(.text)
    SysTick_Handler                          0x000162eb   Thumb Code     2  arm_startup_nrf51.o(.text)
    CCM_AAR_IRQHandler                       0x000162ed   Thumb Code     0  arm_startup_nrf51.o(.text)
    ECB_IRQHandler                           0x000162ed   Thumb Code     0  arm_startup_nrf51.o(.text)
    GPIOTE_IRQHandler                        0x000162ed   Thumb Code     0  arm_startup_nrf51.o(.text)
    LPCOMP_IRQHandler                        0x000162ed   Thumb Code     0  arm_startup_nrf51.o(.text)
    POWER_CLOCK_IRQHandler                   0x000162ed   Thumb Code     0  arm_startup_nrf51.o(.text)
    QDEC_IRQHandler                          0x000162ed   Thumb Code     0  arm_startup_nrf51.o(.text)
    RADIO_IRQHandler                         0x000162ed   Thumb Code     0  arm_startup_nrf51.o(.text)
    RNG_IRQHandler                           0x000162ed   Thumb Code     0  arm_startup_nrf51.o(.text)
    RTC0_IRQHandler                          0x000162ed   Thumb Code     0  arm_startup_nrf51.o(.text)
    RTC1_IRQHandler                          0x000162ed   Thumb Code     0  arm_startup_nrf51.o(.text)
    SPI0_TWI0_IRQHandler                     0x000162ed   Thumb Code     0  arm_startup_nrf51.o(.text)
    SPI1_TWI1_IRQHandler                     0x000162ed   Thumb Code     0  arm_startup_nrf51.o(.text)
    SWI0_IRQHandler                          0x000162ed   Thumb Code     0  arm_startup_nrf51.o(.text)
    SWI3_IRQHandler                          0x000162ed   Thumb Code     0  arm_startup_nrf51.o(.text)
    SWI4_IRQHandler                          0x000162ed   Thumb Code     0  arm_startup_nrf51.o(.text)
    SWI5_IRQHandler                          0x000162ed   Thumb Code     0  arm_startup_nrf51.o(.text)
    TEMP_IRQHandler                          0x000162ed   Thumb Code     0  arm_startup_nrf51.o(.text)
    TIMER0_IRQHandler                        0x000162ed   Thumb Code     0  arm_startup_nrf51.o(.text)
    TIMER1_IRQHandler                        0x000162ed   Thumb Code     0  arm_startup_nrf51.o(.text)
    TIMER2_IRQHandler                        0x000162ed   Thumb Code     0  arm_startup_nrf51.o(.text)
    UART0_IRQHandler                         0x000162ed   Thumb Code     0  arm_startup_nrf51.o(.text)
    WDT_IRQHandler                           0x000162ed   Thumb Code     0  arm_startup_nrf51.o(.text)
    __user_initial_stackheap                 0x000162f1   Thumb Code     0  arm_startup_nrf51.o(.text)
    wdt_init                                 0x0001631d   Thumb Code    32  main.o(.text)
    ADC_IRQHandler                           0x0001633d   Thumb Code    80  main.o(.text)
    supercap_measure_start                   0x0001638d   Thumb Code    46  main.o(.text)
    soilhumidity_measure_start               0x000163bb   Thumb Code    46  main.o(.text)
    app_error_handler                        0x000163e9   Thumb Code    22  main.o(.text)
    assert_nrf_callback                      0x000163ff   Thumb Code    14  main.o(.text)
    SensorsInit                              0x00016515   Thumb Code     2  main.o(.text)
    PacketData_Update                        0x00016517   Thumb Code   156  main.o(.text)
    radio_notification_evt_handler           0x000165b3   Thumb Code    50  main.o(.text)
    main                                     0x000165e5   Thumb Code    84  main.o(.text)
    CC110L_setupspibaseaddr                  0x000166d9   Thumb Code     6  cc110l.o(.text)
    SPIStrobe                                0x000166df   Thumb Code    28  cc110l.o(.text)
    SPIWriteBurstReg                         0x000166fb   Thumb Code    42  cc110l.o(.text)
    SPIReadReg                               0x00016725   Thumb Code    40  cc110l.o(.text)
    SPIReadBurstReg                          0x0001674d   Thumb Code    54  cc110l.o(.text)
    CC110L_SPIWriteReg                       0x00016783   Thumb Code    32  cc110l.o(.text)
    writeRFSettings                          0x000167a3   Thumb Code   180  cc110l.o(.text)
    setup_cc110l                             0x00016857   Thumb Code    96  cc110l.o(.text)
    CC110L_RFSendPacket                      0x000168b7   Thumb Code    84  cc110l.o(.text)
    sendbyte                                 0x0001690b   Thumb Code    24  cc110l.o(.text)
    ble_advdata_set                          0x00016ec3   Thumb Code   122  ble_advdata.o(.text)
    softdevice_assertion_handler             0x00016f55   Thumb Code    18  softdevice_handler.o(.text)
    intern_softdevice_events_execute         0x00016f67   Thumb Code   168  softdevice_handler.o(.text)
    softdevice_handler_init                  0x0001700f   Thumb Code    84  softdevice_handler.o(.text)
    softdevice_handler_sd_disable            0x00017063   Thumb Code    24  softdevice_handler.o(.text)
    softdevice_ble_evt_handler_set           0x0001707b   Thumb Code    18  softdevice_handler.o(.text)
    softdevice_sys_evt_handler_set           0x0001708d   Thumb Code    18  softdevice_handler.o(.text)
    SWI2_IRQHandler                          0x0001709f   Thumb Code    52  softdevice_handler.o(.text)
    SWI1_IRQHandler                          0x00017125   Thumb Code    34  ble_radio_notification.o(.text)
    ble_radio_notification_init              0x00017147   Thumb Code    64  ble_radio_notification.o(.text)
    spi_master_init                          0x00017191   Thumb Code   250  spi_master_mnhs.o(.text)
    spi_master_tx_rx_ss                      0x0001728b   Thumb Code   122  spi_master_mnhs.o(.text)
    spi_master_tx_rx_noss                    0x00017305   Thumb Code   104  spi_master_mnhs.o(.text)
    spi_master_tx_rx_noss_norxdata           0x0001736d   Thumb Code    90  spi_master_mnhs.o(.text)
    nrf_delay_ms                             0x00017405   Thumb Code    24  nrf_delay.o(.text)
    __aeabi_memcpy                           0x00017421   Thumb Code   130  rt_memcpy.o(.text)
    __rt_memcpy                              0x00017421   Thumb Code     0  rt_memcpy.o(.text)
    _memset_w                                0x000174a3   Thumb Code    26  rt_memclr.o(.text)
    _memset                                  0x000174bd   Thumb Code    30  rt_memclr.o(.text)
    __aeabi_memclr                           0x000174db   Thumb Code     4  rt_memclr.o(.text)
    __rt_memclr                              0x000174db   Thumb Code     0  rt_memclr.o(.text)
    __aeabi_memclr4                          0x000174df   Thumb Code     0  rt_memclr.o(.text)
    __aeabi_memclr8                          0x000174df   Thumb Code     0  rt_memclr.o(.text)
    __rt_memclr_w                            0x000174df   Thumb Code     4  rt_memclr.o(.text)
    __aeabi_uidiv                            0x000174e3   Thumb Code     0  aeabi_sdiv.o(.text)
    __aeabi_uidivmod                         0x000174e3   Thumb Code    20  aeabi_sdiv.o(.text)
    __aeabi_idiv                             0x000174f7   Thumb Code     0  aeabi_sdiv.o(.text)
    __aeabi_idivmod                          0x000174f7   Thumb Code   326  aeabi_sdiv.o(.text)
    __use_two_region_memory                  0x0001763d   Thumb Code     2  heapauxi.o(.text)
    __rt_heap_escrow$2region                 0x0001763f   Thumb Code     2  heapauxi.o(.text)
    __rt_heap_expand$2region                 0x00017641   Thumb Code     2  heapauxi.o(.text)
    __user_setup_stackheap                   0x00017643   Thumb Code    62  sys_stackheap_outer.o(.text)
    exit                                     0x00017681   Thumb Code    12  exit.o(.text)
    __user_libspace                          0x0001768d   Thumb Code     8  libspace.o(.text)
    __user_perproc_libspace                  0x0001768d   Thumb Code     0  libspace.o(.text)
    __user_perthread_libspace                0x0001768d   Thumb Code     0  libspace.o(.text)
    _sys_exit                                0x00017695   Thumb Code     8  sys_exit.o(.text)
    __I$use$semihosting                      0x000176a1   Thumb Code     0  use_no_semi.o(.text)
    __use_no_semihosting_swi                 0x000176a1   Thumb Code     2  use_no_semi.o(.text)
    __semihosting_library_function           0x000176a3   Thumb Code     0  indicate_semi.o(.text)
    Region$$Table$$Base                      0x000176a4   Number         0  anon$$obj.o(Region$$Table)
    Region$$Table$$Limit                     0x000176c4   Number         0  anon$$obj.o(Region$$Table)
    SystemCoreClock                          0x20002000   Data           4  system_nrf51.o(.data)
    __SOIL_HUMIDITY                          0x20002004   Data           1  main.o(.data)
    PACKET_INCR                              0x20002005   Data           1  main.o(.data)
    __SUPERCAP_VOLTAGE                       0x20002006   Data           2  main.o(.data)
    _ADC_measurement                         0x20002008   Data           1  main.o(.data)
    CC110L_PACKETCONTENT                     0x20002017   Data          16  main.o(.data)
    cnt                                      0x20002027   Data           1  main.o(.data)
    incr_cnt                                 0x20002028   Data           1  main.o(.data)
    packet868_i                              0x20002029   Data           1  main.o(.data)
    spi_base_addr                            0x2000202c   Data           4  main.o(.data)
    cc110l_spi_base_addr                     0x20002030   Data           4  cc110l.o(.data)
    paTable                                  0x20002034   Data           2  cc110l.o(.data)
    paTableLen                               0x20002036   Data           1  cc110l.o(.data)
    advdata                                  0x20002068   Data          60  main.o(.bss)
    manuf_specific_data                      0x200020a4   Data          12  main.o(.bss)
    dummy                                    0x20002100   Data          16  cc110l.o(.bss)
    __libspace_start                         0x20002110   Data          96  libspace.o(.bss)
    __temporary_stack_top$libspace           0x20002170   Data           0  libspace.o(.bss)



==============================================================================

Memory Map of the image

  Image Entry point : 0x000160c1

  Load Region LR_IROM1 (Base: 0x00016000, Size: 0x00001718, Max: 0x00029000, ABSOLUTE)

    Execution Region ER_IROM1 (Base: 0x00016000, Size: 0x000016c4, Max: 0x00029000, ABSOLUTE)

    Base Addr    Size         Type   Attr      Idx    E Section Name        Object

    0x00016000   0x000000c0   Data   RO           62    RESET               arm_startup_nrf51.o
    0x000160c0   0x00000008   Code   RO          575  * !!!main             c_p.l(__main.o)
    0x000160c8   0x0000003c   Code   RO          741    !!!scatter          c_p.l(__scatter.o)
    0x00016104   0x0000001a   Code   RO          743    !!handler_copy      c_p.l(__scatter_copy.o)
    0x0001611e   0x00000002   PAD
    0x00016120   0x0000001c   Code   RO          745    !!handler_zi        c_p.l(__scatter_zi.o)
    0x0001613c   0x00000002   Code   RO          613    .ARM.Collect$$libinit$$00000000  c_p.l(libinit.o)
    0x0001613e   0x00000004   Code   RO          626    .ARM.Collect$$libinit$$00000001  c_p.l(libinit2.o)
    0x00016142   0x00000000   Code   RO          630    .ARM.Collect$$libinit$$00000008  c_p.l(libinit2.o)
    0x00016142   0x00000000   Code   RO          632    .ARM.Collect$$libinit$$0000000A  c_p.l(libinit2.o)
    0x00016142   0x00000000   Code   RO          634    .ARM.Collect$$libinit$$0000000C  c_p.l(libinit2.o)
    0x00016142   0x00000000   Code   RO          637    .ARM.Collect$$libinit$$0000000F  c_p.l(libinit2.o)
    0x00016142   0x00000000   Code   RO          639    .ARM.Collect$$libinit$$00000011  c_p.l(libinit2.o)
    0x00016142   0x00000000   Code   RO          641    .ARM.Collect$$libinit$$00000013  c_p.l(libinit2.o)
    0x00016142   0x00000000   Code   RO          643    .ARM.Collect$$libinit$$00000015  c_p.l(libinit2.o)
    0x00016142   0x00000000   Code   RO          645    .ARM.Collect$$libinit$$00000017  c_p.l(libinit2.o)
    0x00016142   0x00000000   Code   RO          647    .ARM.Collect$$libinit$$00000019  c_p.l(libinit2.o)
    0x00016142   0x00000000   Code   RO          649    .ARM.Collect$$libinit$$0000001B  c_p.l(libinit2.o)
    0x00016142   0x00000000   Code   RO          651    .ARM.Collect$$libinit$$0000001D  c_p.l(libinit2.o)
    0x00016142   0x00000000   Code   RO          653    .ARM.Collect$$libinit$$0000001F  c_p.l(libinit2.o)
    0x00016142   0x00000000   Code   RO          655    .ARM.Collect$$libinit$$00000021  c_p.l(libinit2.o)
    0x00016142   0x00000000   Code   RO          657    .ARM.Collect$$libinit$$00000023  c_p.l(libinit2.o)
    0x00016142   0x00000000   Code   RO          661    .ARM.Collect$$libinit$$0000002A  c_p.l(libinit2.o)
    0x00016142   0x00000000   Code   RO          663    .ARM.Collect$$libinit$$0000002C  c_p.l(libinit2.o)
    0x00016142   0x00000000   Code   RO          665    .ARM.Collect$$libinit$$0000002E  c_p.l(libinit2.o)
    0x00016142   0x00000000   Code   RO          667    .ARM.Collect$$libinit$$00000030  c_p.l(libinit2.o)
    0x00016142   0x00000002   Code   RO          668    .ARM.Collect$$libinit$$00000031  c_p.l(libinit2.o)
    0x00016144   0x00000002   Code   RO          699    .ARM.Collect$$libshutdown$$00000000  c_p.l(libshutdown.o)
    0x00016146   0x00000000   Code   RO          726    .ARM.Collect$$libshutdown$$00000003  c_p.l(libshutdown2.o)
    0x00016146   0x00000000   Code   RO          729    .ARM.Collect$$libshutdown$$00000006  c_p.l(libshutdown2.o)
    0x00016146   0x00000000   Code   RO          732    .ARM.Collect$$libshutdown$$00000009  c_p.l(libshutdown2.o)
    0x00016146   0x00000000   Code   RO          734    .ARM.Collect$$libshutdown$$0000000B  c_p.l(libshutdown2.o)
    0x00016146   0x00000000   Code   RO          737    .ARM.Collect$$libshutdown$$0000000E  c_p.l(libshutdown2.o)
    0x00016146   0x00000002   Code   RO          738    .ARM.Collect$$libshutdown$$0000000F  c_p.l(libshutdown2.o)
    0x00016148   0x00000000   Code   RO          577    .ARM.Collect$$rtentry$$00000000  c_p.l(rtentry.o)
    0x00016148   0x00000000   Code   RO          583    .ARM.Collect$$rtentry$$00000002  c_p.l(rtentry2.o)
    0x00016148   0x00000006   Code   RO          595    .ARM.Collect$$rtentry$$00000004  c_p.l(rtentry4.o)
    0x0001614e   0x00000000   Code   RO          585    .ARM.Collect$$rtentry$$00000009  c_p.l(rtentry2.o)
    0x0001614e   0x00000004   Code   RO          586    .ARM.Collect$$rtentry$$0000000A  c_p.l(rtentry2.o)
    0x00016152   0x00000000   Code   RO          588    .ARM.Collect$$rtentry$$0000000C  c_p.l(rtentry2.o)
    0x00016152   0x00000008   Code   RO          589    .ARM.Collect$$rtentry$$0000000D  c_p.l(rtentry2.o)
    0x0001615a   0x00000002   Code   RO          618    .ARM.Collect$$rtexit$$00000000  c_p.l(rtexit.o)
    0x0001615c   0x00000000   Code   RO          672    .ARM.Collect$$rtexit$$00000002  c_p.l(rtexit2.o)
    0x0001615c   0x00000004   Code   RO          673    .ARM.Collect$$rtexit$$00000003  c_p.l(rtexit2.o)
    0x00016160   0x00000006   Code   RO          674    .ARM.Collect$$rtexit$$00000004  c_p.l(rtexit2.o)
    0x00016166   0x00000002   PAD
    0x00016168   0x0000001e   Code   RO          209    .emb_text           cc110l.o
    0x00016186   0x00000002   PAD
    0x00016188   0x0000001e   Code   RO          496    .emb_text           nrf_delay.o
    0x000161a6   0x00000002   PAD
    0x000161a8   0x00000038   Code   RO          561    .emb_text           c_p.l(rt_memcpy.o)
    0x000161e0   0x000000e8   Code   RO            3    .text               system_nrf51.o
    0x000162c8   0x00000054   Code   RO           63    .text               arm_startup_nrf51.o
    0x0001631c   0x000003bc   Code   RO           70    .text               main.o
    0x000166d8   0x00000278   Code   RO          210    .text               cc110l.o
    0x00016950   0x00000604   Code   RO          281    .text               ble_advdata.o
    0x00016f54   0x000001d0   Code   RO          322    .text               softdevice_handler.o
    0x00017124   0x0000006c   Code   RO          432    .text               ble_radio_notification.o
    0x00017190   0x00000274   Code   RO          461    .text               spi_master_mnhs.o
    0x00017404   0x0000001c   Code   RO          497    .text               nrf_delay.o
    0x00017420   0x00000082   Code   RO          562    .text               c_p.l(rt_memcpy.o)
    0x000174a2   0x00000040   Code   RO          565    .text               c_p.l(rt_memclr.o)
    0x000174e2   0x0000015a   Code   RO          569    .text               c_p.l(aeabi_sdiv.o)
    0x0001763c   0x00000006   Code   RO          573    .text               c_p.l(heapauxi.o)
    0x00017642   0x0000003e   Code   RO          599    .text               c_p.l(sys_stackheap_outer.o)
    0x00017680   0x0000000c   Code   RO          602    .text               c_p.l(exit.o)
    0x0001768c   0x00000008   Code   RO          614    .text               c_p.l(libspace.o)
    0x00017694   0x0000000c   Code   RO          669    .text               c_p.l(sys_exit.o)
    0x000176a0   0x00000002   Code   RO          688    .text               c_p.l(use_no_semi.o)
    0x000176a2   0x00000000   Code   RO          690    .text               c_p.l(indicate_semi.o)
    0x000176a2   0x00000002   PAD
    0x000176a4   0x00000020   Data   RO          739    Region$$Table       anon$$obj.o


    Execution Region RW_IRAM1 (Base: 0x20002000, Size: 0x00001170, Max: 0x00002000, ABSOLUTE)

    Base Addr    Size         Type   Attr      Idx    E Section Name        Object

    0x20002000   0x00000004   Data   RW            4    .data               system_nrf51.o
    0x20002004   0x0000002c   Data   RW           72    .data               main.o
    0x20002030   0x00000007   Data   RW          212    .data               cc110l.o
    0x20002037   0x00000001   PAD
    0x20002038   0x00000014   Data   RW          323    .data               softdevice_handler.o
    0x2000204c   0x00000008   Data   RW          433    .data               ble_radio_notification.o
    0x20002054   0x000000ac   Zero   RW           71    .bss                main.o
    0x20002100   0x00000010   Zero   RW          211    .bss                cc110l.o
    0x20002110   0x00000060   Zero   RW          615    .bss                c_p.l(libspace.o)
    0x20002170   0x00000800   Zero   RW           61    HEAP                arm_startup_nrf51.o
    0x20002970   0x00000800   Zero   RW           60    STACK               arm_startup_nrf51.o


==============================================================================

Image component sizes


      Code (inc. data)   RO Data    RW Data    ZI Data      Debug   Object Name

        84         36        192          0       4096        748   arm_startup_nrf51.o
      1540          6          0          0          0      10074   ble_advdata.o
       108         10          0          8          0       7350   ble_radio_notification.o
         0          0          0          0          0       4100   ble_srv_common.o
       662         12          0          7         16       6473   cc110l.o
       956        122          0         44        172      59826   main.o
        58          4          0          0          0       1551   nrf_delay.o
       464         82          0         20          0      36448   softdevice_handler.o
       628         14          0          0          0       6467   spi_master_mnhs.o
       232         30          0          4          0       5725   system_nrf51.o

    ----------------------------------------------------------------------
      4736        316        224         84       4284     138762   Object Totals
         0          0         32          0          0          0   (incl. Generated)
         4          0          0          1          0          0   (incl. Padding)

    ----------------------------------------------------------------------

      Code (inc. data)   RO Data    RW Data    ZI Data      Debug   Library Member Name

         8          0          0          0          0         68   __main.o
        60          8          0          0          0          0   __scatter.o
        26          0          0          0          0          0   __scatter_copy.o
        28          0          0          0          0          0   __scatter_zi.o
       346          0          0          0          0         92   aeabi_sdiv.o
        12          0          0          0          0         64   exit.o
         6          0          0          0          0        136   heapauxi.o
         0          0          0          0          0          0   indicate_semi.o
         2          0          0          0          0          0   libinit.o
         6          0          0          0          0          0   libinit2.o
         2          0          0          0          0          0   libshutdown.o
         2          0          0          0          0          0   libshutdown2.o
         8          4          0          0         96         68   libspace.o
        64          0          0          0          0        108   rt_memclr.o
       186          0          0          0          0        144   rt_memcpy.o
         0          0          0          0          0          0   rtentry.o
        12          0          0          0          0          0   rtentry2.o
         6          0          0          0          0          0   rtentry4.o
         2          0          0          0          0          0   rtexit.o
        10          0          0          0          0          0   rtexit2.o
        12          4          0          0          0         60   sys_exit.o
        62          0          0          0          0         80   sys_stackheap_outer.o
         2          0          0          0          0         68   use_no_semi.o

    ----------------------------------------------------------------------
       868         16          0          0         96        888   Library Totals
         6          0          0          0          0          0   (incl. Padding)

    ----------------------------------------------------------------------

      Code (inc. data)   RO Data    RW Data    ZI Data      Debug   Library Name

       862         16          0          0         96        888   c_p.l

    ----------------------------------------------------------------------
       868         16          0          0         96        888   Library Totals

    ----------------------------------------------------------------------

==============================================================================


      Code (inc. data)   RO Data    RW Data    ZI Data      Debug   

      5604        332        224         84       4380     138778   Grand Totals
      5604        332        224         84       4380     138778   ELF Image Totals
      5604        332        224         84          0          0   ROM Totals

==============================================================================

    Total RO  Size (Code + RO Data)                 5828 (   5.69kB)
    Total RW  Size (RW Data + ZI Data)              4464 (   4.36kB)
    Total ROM Size (Code + RO Data + RW Data)       5912 (   5.77kB)

==============================================================================

