<html>
<body>
<pre>
<h1>µVision Build Log</h1>
<h2>Project:</h2>
C:\Keil_v5\ARM\Device\Nordic\nrf51822_NEWSDK\GitHub_IotGreen\IotGreen_IoTGreenSense1.0_nRF51x\_IotGreenSense_SOILHUMID\arm\ble_app_beacon.uvproj
Project File Date:  08/04/2015

<h2>Output:</h2>
Build target 'nrf51822_xxaa_s110 (256K)'
linking...
Program Size: Code=5604 RO-data=224 RW-data=84 ZI-data=4380  
FromELF: creating hex file...
".\_build\ble_app_beacon.axf" - 0 Error(s), 0 Warning(s).
Load "C:\\Keil_v5\\ARM\\Device\\Nordic\\nrf51822_NEWSDK\\GitHub_IotGreen\\IotGreen_IoTGreenSense1.0_nRF51x\\_IotGreenSense_SOILHUMID\\arm\\_build\\ble_app_beacon.axf" 
Set JLink Project File to "C:\Keil_v5\ARM\Device\Nordic\nrf51822_NEWSDK\GitHub_IotGreen\IotGreen_IoTGreenSense1.0_nRF51x\_IotGreenSense_SOILHUMID\arm\JLinkSettings.ini"
* JLink Info: Device "NRF51822_XXAA" selected.
 
JLink info:
------------
DLL: V4.98 , compiled Mar 20 2015 18:23:08
Firmware: J-Link V9 compiled Feb 20 2015 09:20:19
Hardware: V9.30
S/N : 59302634 
Feature(s) : GDB 
 
* JLink Info: Found SWD-DP with ID 0x0BB11477
* JLink Info: Found Cortex-M0 r0p0, Little endian.
* JLink Info: FPUnit: 4 code (BP) slots and 0 literal slots
* JLink Info: CoreSight components:
* JLink Info: ROMTbl 0 @ F0000000
* JLink Info: ROMTbl 0 [0]: F00FF000, CID: B105100D, PID: 000BB471 ROM Table
* JLink Info: ROMTbl 0 [1]: 00002000, CID: B105900D, PID: 000BB9A3 ???
ROMTableAddr = 0xE00FF003
 
Target info:
------------
Device: nRF51822_xxAA
VTarget = 3.185V
State of Pins: 
TCK: 0, TDI: 0, TDO: 0, TMS: 1, TRES: 1, TRST: 0
Hardware-Breakpoints: 4
Software-Breakpoints: 8192
Watchpoints:          2
JTAG speed: 2000 kHz
 
Erase Done.
Programming Done.
Verify OK.
Application running ...
</pre>
</body>
</html>
e\\Nordic\\nrf51822_NEWSDK\\GitHub_IotGreen\\IotGreen_IoTGreenSense1.0_nRF51x\\_IotGreenSense_SOILHUMID\\arm\\_build\\ble_app_beacon.axf" 
Set JLink Project File to "C:\Keil_v5\ARM\Device\Nordic\nrf51822_NEWSDK\GitHub_IotGreen\IotGreen_IoTGreenSense1.0_nRF51x\_IotGreenSense_SOILHUMID\arm\JLinkSettings.ini"
* JLink Info: Device "NRF51822_XXAA" selected.
 
JLink info:
------------
DLL: V4.98 , compiled Mar 20 2015 18:23:08
Firmware: J-Link V9 compiled Feb 20 2015 09:20:19
Hardware: V9.30
S/N : 59302634 
Feature(s) : GDB 
 
* JLink Info: Found SWD-DP with ID 0x0BB11477
* JLink Info: Found Cortex-M0 r0p0, Little endian.
* JLink Info: FPUnit: 4 code (BP) slots and 0 literal slots
* JLink Info: CoreSight components:
* JLink Info: ROMTbl 0 @ F0000000
* JLink Info: ROMTbl 0 [0]: F00FF000, CID: B105100D, PID: 000BB471 ROM Table
* JLink Info: ROMTbl 0 [1]: 00002000, CID: B105900D, PID: 000BB9A3 ???
ROMTableAddr = 0xE00FF003
 
Target info:
------------
Device: nRF51822_xxAA
VTarget = 2.823V
State of Pins: 
TCK: 0, TDI: 0, TDO: 0, TMS: 1, TRES: 1, TRST: 0
Hardware-Breakpoints: 4
Software-Breakpoints: 8192
Watchpoints:          2
JTAG speed: 2000 kHz
 
Erase Done.
Programming Done.
Verify OK.
Application running ...
