<html>
<body>
<pre>
<h1>µVision Build Log</h1>
<h2>Project:</h2>
C:\Keil_v5\ARM\Device\Nordic\nrf51822_NEWSDK\GitHub_IotGreen\IotGreen_IoTGreenSense1.0_nRF51x\_IotGreenSense_ACC\arm\ble_app_beacon.uvproj
Project File Date:  08/01/2015

<h2>Output:</h2>
Rebuild target 'nrf51822_xxaa_s110 (256K)'
compiling system_nrf51.c...
assembling arm_startup_nrf51.s...
compiling main.c...
compiling cc110l.c...
compiling mma845x.c...
compiling ble_srv_common.c...
compiling ble_advdata.c...
compiling softdevice_handler.c...
compiling ble_debug_assert_handler.c...
compiling ble_radio_notification.c...
compiling spi_master_mnhs.c...
compiling nrf_delay.c...
compiling twi_hw_master_SD.c...
linking...
Program Size: Code=6608 RO-data=224 RW-data=96 ZI-data=4384  
FromELF: creating hex file...
".\_build\ble_app_beacon.axf" - 0 Error(s), 0 Warning(s).
</pre>
</body>
</html>
ta=224 RW-data=96 ZI-data=4384  
FromELF: creating hex file...
".\_build\ble_app_beacon.axf" - 0 Error(s), 1 Warning(s).
"CC110L_RESERVED" (declared at line 76)
  #define CC110L_RESERVED     0x39      // 
..\main.c: 5 warnings, 0 errors
linking...
Program Size: Code=6608 RO-data=224 RW-data=96 ZI-data=4384  
FromELF: creating hex file...
".\_build\ble_app_beacon.axf" - 0 Error(s), 5 Warning(s).
ing(s).
Target not created
ex file...
".\_build\ble_app_beacon.axf" - 0 Error(s), 6 Warning(s).
_code;
..\main.c: 7 warnings, 0 errors
compiling cc110l.c...
..\cc110l.h(62): warning:  #47-D: incompatible redefinition of macro "CC110L_RESERVED" (declared at line 61)
  #define CC110L_RESERVED     0x38        // 
..\cc110l.h(66): warning:  #47-D: incompatible redefinition of macro "CC110L_RESERVED" (declared at line 62)
  #define CC110L_RESERVED     0x3C        // 
..\cc110l.h(75): warning:  #47-D: incompatible redefinition of macro "CC110L_RESERVED" (declared at line 66)
  #define CC110L_RESERVED     0x36      // 
..\cc110l.h(76): warning:  #47-D: incompatible redefinition of macro "CC110L_RESERVED" (declared at line 75)
  #define CC110L_RESERVED     0x37      // 
..\cc110l.h(78): warning:  #47-D: incompatible redefinition of macro "CC110L_RESERVED" (declared at line 76)
  #define CC110L_RESERVED     0x39      // 
..\cc110l.c(31): warning:  #177-D: variable "i" was declared but never referenced
    uint8_t i;
..\cc110l.c(47): warning:  #177-D: variable "i" was declared but never referenced
          uint8_t i;
..\cc110l.c: 7 warnings, 0 errors
compiling mma845x.c...
..\mma845x.c(32): warning:  #177-D: variable "twidata" was declared but never referenced
    uint8_t twidata[6];
..\mma845x.c: 1 warning, 0 errors
compiling ble_srv_common.c...
compiling ble_advdata.c...
compiling softdevice_handler.c...
compiling ble_debug_assert_handler.c...
compiling ble_radio_notification.c...
compiling spi_master_mnhs.c...
compiling nrf_delay.c...
compiling twi_hw_master_SD.c...
linking...
Program Size: Code=6612 RO-data=224 RW-data=96 ZI-data=4384  
FromELF: creating hex file...
".\_build\ble_app_beacon.axf" - 0 Error(s), 15 Warning(s).
