<html>
<body>
<pre>
<h1>µVision Build Log</h1>
<h2>Project:</h2>
C:\Keil_v5\ARM\Device\Nordic\nrf51822_NEWSDK\GitHub_IotGreen\IotGreen_IoTGreenSense1.0_nRF51x\_IotGreenSense_BAROTEMP\arm\ble_app_beacon.uvproj
Project File Date:  08/01/2015

<h2>Output:</h2>
Build target 'nrf51822_xxaa_s110 (256K)'
linking...
Program Size: Code=6840 RO-data=224 RW-data=96 ZI-data=4384  
FromELF: creating hex file...
".\_build\ble_app_beacon.axf" - 0 Error(s), 0 Warning(s).
</pre>
</body>
</html>
mpiling ble_advdata.c...
compiling softdevice_handler.c...
compiling ble_debug_assert_handler.c...
compiling ble_radio_notification.c...
compiling spi_master_mnhs.c...
compiling nrf_delay.c...
compiling twi_hw_master_SD.c...
linking...
Program Size: Code=6840 RO-data=224 RW-data=96 ZI-data=4384  
FromELF: creating hex file...
".\_build\ble_app_beacon.axf" - 0 Error(s), 0 Warning(s).
"err_code" was set but never used
  uint32_t err_code;
..\main.c: 5 warnings, 0 errors
compiling cc110l.c...
linking...
Program Size: Code=6844 RO-data=224 RW-data=96 ZI-data=4384  
FromELF: creating hex file...
".\_build\ble_app_beacon.axf" - 0 Error(s), 5 Warning(s).
ED" (declared at line 66)
  #define CC110L_RESERVED     0x36      // 
..\cc110l.h(76): warning:  #47-D: incompatible redefinition of macro "CC110L_RESERVED" (declared at line 75)
  #define CC110L_RESERVED     0x37      // 
..\cc110l.h(78): warning:  #47-D: incompatible redefinition of macro "CC110L_RESERVED" (declared at line 76)
  #define CC110L_RESERVED     0x39      // 
..\main.c(91): warning:  #177-D: variable "batt_lvl_in_milli_volts" was declared but never referenced
    uint16_t batt_lvl_in_milli_volts;
..\main.c(102): warning:  #550-D: variable "err_code" was set but never used
  uint32_t err_code;
..\main.c: 10 warnings, 0 errors
compiling mpl3115.c...
..\mpl3115.h(6): warning:  #1295-D: Deprecated declaration MPL3115A2_Init - give arg types
  void MPL3115A2_Init();
..\mpl3115.h(7): warning:  #1295-D: Deprecated declaration MPL3115A2_Read_Baro - give arg types
  uint32_t MPL3115A2_Read_Baro();
..\mpl3115.h(8): warning:  #1295-D: Deprecated declaration MPL3115A2_Read_Temp - give arg types
  uint16_t MPL3115A2_Read_Temp();
..\mpl3115.c: 3 warnings, 0 errors
compiling cc110l.c...
..\cc110l.h(62): warning:  #47-D: incompatible redefinition of macro "CC110L_RESERVED" (declared at line 61)
  #define CC110L_RESERVED     0x38        // 
..\cc110l.h(66): warning:  #47-D: incompatible redefinition of macro "CC110L_RESERVED" (declared at line 62)
  #define CC110L_RESERVED     0x3C        // 
..\cc110l.h(75): warning:  #47-D: incompatible redefinition of macro "CC110L_RESERVED" (declared at line 66)
  #define CC110L_RESERVED     0x36      // 
..\cc110l.h(76): warning:  #47-D: incompatible redefinition of macro "CC110L_RESERVED" (declared at line 75)
  #define CC110L_RESERVED     0x37      // 
..\cc110l.h(78): warning:  #47-D: incompatible redefinition of macro "CC110L_RESERVED" (declared at line 76)
  #define CC110L_RESERVED     0x39      // 
..\cc110l.c(31): warning:  #177-D: variable "i" was declared but never referenced
    uint8_t i;
..\cc110l.c(47): warning:  #177-D: variable "i" was declared but never referenced
          uint8_t i;
..\cc110l.c: 7 warnings, 0 errors
compiling hdc1008.c...
compiling ble_srv_common.c...
compiling ble_advdata.c...
compiling softdevice_handler.c...
compiling ble_debug_assert_handler.c...
compiling ble_radio_notification.c...
compiling spi_master_mnhs.c...
compiling nrf_delay.c...
compiling twi_hw_master_SD.c...
linking...
Program Size: Code=6844 RO-data=224 RW-data=96 ZI-data=4384  
FromELF: creating hex file...
".\_build\ble_app_beacon.axf" - 0 Error(s), 20 Warning(s).
pes
  void HDC1008_Init();
..\hdc1008.h(7): warning:  #1295-D: Deprecated declaration HDC1008_ReadHumidity - give arg types
  uint8_t HDC1008_ReadHumidity();
..\hdc1008.h(8): warning:  #1295-D: Deprecated declaration HDC1008_TriggerHumidity - give arg types
  void HDC1008_TriggerHumidity();
..\hdc1008.c(26): warning:  #177-D: variable "datatosend" was declared but never referenced
        uint8_t datatosend = address;
..\hdc1008.c: 4 warnings, 0 errors
compiling ble_srv_common.c...
compiling ble_advdata.c...
compiling softdevice_handler.c...
compiling ble_debug_assert_handler.c...
compiling ble_radio_notification.c...
compiling spi_master_mnhs.c...
compiling nrf_delay.c...
compiling twi_hw_master_SD.c...
linking...
Program Size: Code=6844 RO-data=224 RW-data=96 ZI-data=4384  
FromELF: creating hex file...
".\_build\ble_app_beacon.axf" - 0 Error(s), 27 Warning(s).
